<!DOCTYPE html>
<html>
<head>
<meta http-equiv="Content-Type" content="text/html; charset=utf-8">
<title>Notes</title>
<link rel="stylesheet" type="text/css" href="/notes/notes.css">
<script src='/notes/q.js'></script>
</head>
<body>
Search notes: <input size='50' id='q' onchange='q();'>
<h1>Notes</h1>
<a href='Bar'>Bar</a><br><a href='Baz'>Baz</a><br><a href='sub/file-in-sub'>file in sub</a><br><a href='Foo'>Foo</a><br><a href='code/just-code'>just code</a><br><a href='links/links'>links</a><br><a href='links/in-code'>Links in code</a><br><a href='links/within-stars'>Links within stars</a><br><a href='code/more-code'>more code</a><br><a href='titles/page-without-title'>page without title</a><br><a href='sub/index'>the sub directory</a><br><a href='titles/page-with-title'>This is a page with a title</a><br><hr><p><a href='/notes/index.html'>Index</a><div class='bottom'></div></body>
</html>